mode: set
github.com/sage-grids/go-happy-web-requests/main.go:12.13,16.16 3 0
github.com/sage-grids/go-happy-web-requests/main.go:16.16,18.3 1 0
github.com/sage-grids/go-happy-web-requests/main.go:20.2,21.47 2 0
github.com/sage-grids/go-happy-web-requests/internal/handler/fetch.go:14.52,17.33 2 1
github.com/sage-grids/go-happy-web-requests/internal/handler/fetch.go:17.33,21.3 3 1
github.com/sage-grids/go-happy-web-requests/internal/handler/fetch.go:23.2,24.65 2 1
github.com/sage-grids/go-happy-web-requests/internal/handler/fetch.go:24.65,28.3 3 1
github.com/sage-grids/go-happy-web-requests/internal/handler/fetch.go:30.2,30.23 1 1
github.com/sage-grids/go-happy-web-requests/internal/handler/fetch.go:30.23,34.3 3 1
github.com/sage-grids/go-happy-web-requests/internal/handler/fetch.go:36.2,36.31 1 1
github.com/sage-grids/go-happy-web-requests/internal/handler/fetch.go:36.31,40.3 3 1
github.com/sage-grids/go-happy-web-requests/internal/handler/fetch.go:42.2,43.32 2 1
github.com/sage-grids/go-happy-web-requests/internal/handler/fetch.go:43.32,45.3 1 1
github.com/sage-grids/go-happy-web-requests/internal/handler/fetch.go:47.2,54.22 6 1
github.com/sage-grids/go-happy-web-requests/internal/handler/fetch.go:55.20,56.58 1 1
github.com/sage-grids/go-happy-web-requests/internal/handler/fetch.go:57.10,58.64 1 1
github.com/sage-grids/go-happy-web-requests/internal/handler/fetch.go:61.2,61.16 1 1
github.com/sage-grids/go-happy-web-requests/internal/handler/fetch.go:61.16,65.3 3 1
github.com/sage-grids/go-happy-web-requests/internal/handler/fetch.go:67.2,72.4 1 1
github.com/sage-grids/go-happy-web-requests/internal/middleware/auth.go:9.51,10.54 1 1
github.com/sage-grids/go-happy-web-requests/internal/middleware/auth.go:10.54,12.26 2 1
github.com/sage-grids/go-happy-web-requests/internal/middleware/auth.go:12.26,15.4 2 1
github.com/sage-grids/go-happy-web-requests/internal/middleware/auth.go:17.3,18.110 2 1
github.com/sage-grids/go-happy-web-requests/internal/middleware/auth.go:18.110,23.4 4 1
github.com/sage-grids/go-happy-web-requests/internal/middleware/auth.go:24.3,24.23 1 1
github.com/sage-grids/go-happy-web-requests/internal/racing/http.go:13.99,14.23 1 1
github.com/sage-grids/go-happy-web-requests/internal/racing/http.go:14.23,16.3 1 1
github.com/sage-grids/go-happy-web-requests/internal/racing/http.go:18.2,21.32 3 1
github.com/sage-grids/go-happy-web-requests/internal/racing/http.go:21.32,22.21 1 1
github.com/sage-grids/go-happy-web-requests/internal/racing/http.go:22.21,24.18 2 1
github.com/sage-grids/go-happy-web-requests/internal/racing/http.go:24.18,27.5 2 1
github.com/sage-grids/go-happy-web-requests/internal/racing/http.go:29.4,34.18 3 1
github.com/sage-grids/go-happy-web-requests/internal/racing/http.go:34.18,37.5 2 0
github.com/sage-grids/go-happy-web-requests/internal/racing/http.go:39.4,40.18 2 1
github.com/sage-grids/go-happy-web-requests/internal/racing/http.go:40.18,43.5 2 1
github.com/sage-grids/go-happy-web-requests/internal/racing/http.go:44.4,46.55 2 1
github.com/sage-grids/go-happy-web-requests/internal/racing/http.go:46.55,48.19 2 1
github.com/sage-grids/go-happy-web-requests/internal/racing/http.go:48.19,51.6 2 0
github.com/sage-grids/go-happy-web-requests/internal/racing/http.go:52.5,52.12 1 1
github.com/sage-grids/go-happy-web-requests/internal/racing/http.go:53.73,53.73 0 1
github.com/sage-grids/go-happy-web-requests/internal/racing/http.go:54.23,54.23 0 0
github.com/sage-grids/go-happy-web-requests/internal/racing/http.go:56.10,58.5 1 1
github.com/sage-grids/go-happy-web-requests/internal/racing/http.go:62.2,63.6 2 1
github.com/sage-grids/go-happy-web-requests/internal/racing/http.go:63.6,64.10 1 1
github.com/sage-grids/go-happy-web-requests/internal/racing/http.go:65.26,66.19 1 1
github.com/sage-grids/go-happy-web-requests/internal/racing/http.go:67.16,69.30 2 1
github.com/sage-grids/go-happy-web-requests/internal/racing/http.go:69.30,71.5 1 1
github.com/sage-grids/go-happy-web-requests/internal/racing/http.go:72.21,73.41 1 1
